python : Traceback 
(most recent call 
last):
At line:1 char:1
+ python seed.py > 
error_log.txt 2>&1
+ ~~~~~~~~~~~~~~~~~~~~
~~~~~~~~~~~~~~~
    + CategoryInfo    
          : NotSpeci  
  fied: (Traceback    
 (most recent call    
 last)::String) [    
], RemoteExceptio    n
    + FullyQualifiedE 
   rrorId : NativeCo  
  mmandError
 
  File "F:\GitHub Repo
\JudgeMeNot_V2.0\seed.
py", line 1, in 
<module>
    from webapp.python
.database import 
engine, Base, 
SessionLocal
ImportError: cannot 
import name 'Base' 
from 'webapp.python.da
tabase' (F:\GitHub Rep
o\JudgeMeNot_V2.0\weba
pp\python\database.py)
